No license specified
	 org.example:blubber_2.12:0.1

Apache-2.0
	 org.typelevel:cats-effect_2.12:2.2.0

MIT
	 org.typelevel:cats-core_2.12:2.2.0
	 org.typelevel:cats-kernel_2.12:2.2.0